7
4
7
8
1
0
0
0
7
2
1
9
2
0
1
1
0
0
6
7
