8
9
9
20
7
16
44
0
27
0
15
0
4
17
1
4102
5
3
8
63
