57
11641701
0
6
87854627
0
170
101901125
50525666
0
1
191
2
43892065
3530503
0
0
12
5
18
