56401476
13472394
50864868
3219475
51951861
114939530
49872600
117474633
91592256
24568390
32744618
116694633
120407432
54739172
74787768
95487930
64386029
118341338
47014895
84662703
