48072328
26797111
41126061
111996414
93463350
39575615
110711162
90654169
91412106
80214261
118956472
98523418
29026305
28359053
40066790
88795389
10141672
67865700
76927454
42914937
