70727913
59072297
60518529
27156549
71432928
87696623
11660473
113766367
51814836
49564892
3318709
81524933
110947529
119948884
62745498
17627613
11656266
108084316
116622617
11279515
